logic__102: 
logic__372: 
logic__178: 
logic__28: 
reg__97: 
logic__438: 
case__115: 
logic__359: 
logic__430: 
case__116: 
sequence_psr: 
reg__118: 
reg__75: 
logic__308: 
muxpart__25: 
reg__81: 
logic__439: 
logic__423: 
reg__60: 
muxpart__42: 
case__80: 
muxpart__40: 
reg__61: 
blk_mem_gen_prim_wrapper_init__parameterized11: 
case__128: 
keep__15: 
case__75: 
logic__577: 
logic__274: 
logic__109: 
logic__356: 
logic__203: 
reg: 
logic__192: 
logic__571: 
logic__37: 
keep__2: 
blk_mem_gen_0: 
logic__376: 
logic__604: 
reg__14: 
logic__528: 
datapath__6: 
design_1_rst_ps7_0_50M_0: 
design_1_ps7_0_axi_periph_0: 
logic__262: 
axi_protocol_converter_v2_1_19_b2s_simple_fifo: 
blk_mem_gen_prim_width__parameterized24: 
logic__456: 
muxpart__43: 
case__30: 
logic__342: 
logic__309: 
muxpart__16: 
axi_protocol_converter_v2_1_19_b2s_r_channel: 
logic__295: 
logic__329: 
logic__215: 
logic__420: 
muxpart__23: 
logic__242: 
blk_mem_gen_prim_wrapper_init__parameterized17: 
logic__615: 
muxpart__45: 
logic__177: 
reg__76: 
logic__341: 
logic__212: 
case__104: 
logic__484: 
reg__84: 
reg__30: 
case__82: 
design_1_slv_0_0: 
blk_mem_gen_prim_width__parameterized10: 
case__131: 
blk_mem_gen_v8_4_3_synth: 
reg__36: 
logic__545: 
logic__409: 
logic__557: 
logic__530: 
datapath__7: 
case__25: 
generic_baseblocks_v2_1_0_comparator_static: 
logic__310: 
logic__547: 
vga_sync: 
logic__516: 
logic__588: 
logic__567: 
logic__191: 
logic__256: 
logic__182: 
blk_mem_gen_prim_width__parameterized27: 
case__65: 
logic__553: 
logic__154: 
datapath__10: 
datapath__14: 
axi_register_slice_v2_1_19_axic_register_slice__parameterized0: 
logic__121: 
case__3: 
axi_protocol_converter_v2_1_19_b2s_b_channel: 
blk_mem_gen_prim_wrapper_init__parameterized7: 
logic__8: 
logic__388: 
case__83: 
logic__626: 
logic__602: 
muxpart__28: 
axi_protocol_converter_v2_1_19_b2s_simple_fifo__parameterized0: 
reg__21: 
reg__27: 
reg__18: 
logic__603: 
blk_mem_gen_prim_width__parameterized12: 
case__62: 
blk_mem_gen_prim_width__parameterized3: 
bindec: 
axi_protocol_converter_v2_1_19_b2s_wrap_cmd: 
reg__109: 
reg__102: 
datapath__12: 
axi_protocol_converter_v2_1_19_b2s_wr_cmd_fsm: 
reg__82: 
case__67: 
blk_mem_gen_prim_width__parameterized11: 
case__73: 
logic__373: 
case__72: 
logic__559: 
logic__534: 
case__129: 
logic__92: 
case__132: 
reg__35: 
logic__590: 
blk_mem_gen_prim_width__parameterized4: 
axi_register_slice_v2_1_19_axic_register_slice__parameterized3: 
logic__264: 
blk_mem_gen_prim_wrapper_init__parameterized8: 
axi_crossbar_v2_1_20_addr_decoder: 
keep__18: 
reg__56: 
reg__96: 
blk_mem_gen_prim_width__parameterized15: 
case: 
counter__5: 
logic__19: 
axi_infrastructure_v1_1_0_vector2axi__parameterized0: 
blk_mem_gen_prim_wrapper_init__parameterized4: 
reg__107: 
logic__18: 
case__13: 
reg__80: 
logic__227: 
blk_mem_gen_prim_wrapper_init__parameterized10: 
keep__29: 
logic__24: 
reg__111: 
reg__88: 
reg__53: 
logic__578: 
blk_mem_output_block: 
dsp48e1__1: 
blk_mem_gen_prim_width__parameterized26: 
keep__30: 
reg__2: 
blk_mem_gen_generic_cstr: 
logic__312: 
axi_protocol_converter_v2_1_19_b2s_ar_channel: 
logic__579: 
logic__292: 
case__23: 
logic__261: 
reg__63: 
reg__43: 
logic__538: 
logic__501: 
case__42: 
reg__20: 
reg__64: 
counter__3: 
logic__490: 
blk_mem_gen_prim_width__parameterized6: 
reg__104: 
blk_mem_gen_prim_wrapper_init__parameterized26: 
logic__89: 
case__122: 
generic_baseblocks_v2_1_0_comparator_static__parameterized0: 
reg__112: 
blk_mem_gen_prim_wrapper_init__parameterized34: 
case__130: 
case__12: 
case__58: 
logic__569: 
case__32: 
dsrl__3: 
case__1: 
muxpart__21: 
logic__323: 
generic_baseblocks_v2_1_0_mux_enc: 
design_1: 
logic__293: 
addsub: 
logic__12: 
logic__80: 
logic__62: 
logic__519: 
logic__29: 
logic__74: 
blk_mem_gen_prim_width__parameterized0: 
reg__24: 
reg__45: 
logic__146: 
logic__605: 
reg__51: 
blk_mem_gen_prim_width__parameterized25: 
blk_mem_gen_prim_wrapper_init__parameterized20: 
case__89: 
muxpart__44: 
logic__483: 
logic__151: 
blk_mem_gen_mux: 
logic__31: 
logic__228: 
reg__77: 
logic__614: 
logic__220: 
axi_register_slice_v2_1_19_axic_register_slice: 
logic__350: 
signinv__3: 
logic__141: 
reg__87: 
logic__260: 
logic__514: 
case__27: 
reg__23: 
logic__300: 
logic__22: 
logic__251: 
blk_mem_gen_prim_wrapper_init__parameterized1: 
blk_mem_gen_prim_width__parameterized29: 
logic__618: 
logic__583: 
ascii_writer: 
datapath__11: 
keep__1: 
reg__105: 
logic__93: 
counter__2: 
logic__424: 
logic__82: 
reg__66: 
reg__1: 
keep__20: 
logic__1: 
logic__23: 
design_1_clk_wiz_0_0: 
case__110: 
counter__1: 
case__38: 
case__119: 
muxpart__11: 
logic__555: 
reg__39: 
case__85: 
reg__73: 
reg__101: 
logic__610: 
case__79: 
reg__106: 
blk_mem_gen_prim_width__parameterized19: 
logic__582: 
datapath__16: 
proc_sys_reset: 
logic__271: 
keep__27: 
logic__515: 
datapath__5: 
reg__52: 
logic__150: 
logic__135: 
logic__599: 
logic__5: 
logic__363: 
blk_mem_gen_prim_wrapper_init__parameterized14: 
reg__50: 
muxpart__26: 
keep__28: 
case__86: 
case__2: 
logic__585: 
blk_mem_gen_prim_wrapper_init__parameterized27: 
logic__313: 
reg__115: 
case__55: 
logic__623: 
reg__12: 
logic__305: 
blk_mem_gen_prim_wrapper_init__parameterized29: 
logic__255: 
reg__17: 
design_1_processing_system7_0_0: 
logic__594: 
reg__95: 
logic__536: 
blk_mem_gen_prim_wrapper_init__parameterized0: 
logic__593: 
reg__41: 
muxpart__36: 
logic__213: 
logic__128: 
logic__284: 
case__6: 
keep__21: 
reg__100: 
reg__26: 
case__121: 
logic__395: 
blk_mem_gen_prim_wrapper_init__parameterized25: 
reg__74: 
logic__36: 
blk_mem_gen_prim_width__parameterized20: 
reg__120: 
blk_mem_gen_prim_wrapper_init__parameterized15: 
muxpart__31: 
logic__291: 
reg__15: 
logic__311: 
case__61: 
blk_mem_gen_v8_4_3: 
datapath__13: 
logic__541: 
logic__488: 
dsp48e1__3: 
logic__390: 
case__90: 
logic__294: 
logic__389: 
axi_register_slice_v2_1_19_axic_register_slice__parameterized1: 
case__7: 
blk_mem_gen_prim_wrapper_init__parameterized22: 
muxpart__47: 
logic__454: 
case__60: 
logic__205: 
keep__14: 
reg__116: 
blk_mem_gen_prim_wrapper_init__parameterized30: 
reg__3: 
reg__13: 
reg__65: 
case__70: 
case__16: 
logic__234: 
logic__288: 
reg__108: 
slv_v1_0_S00_AXI: 
logic__289: 
logic__523: 
reg__69: 
keep__12: 
case__4: 
keep__19: 
logic__290: 
logic__46: 
reg__85: 
blk_mem_gen_prim_width__parameterized22: 
logic__330: 
logic__375: 
blk_mem_gen_prim_wrapper_init__parameterized33: 
dsp48e1__4: 
logic__35: 
logic__120: 
axi_protocol_converter_v2_1_19_b2s_cmd_translator: 
case__76: 
reg__9: 
reg__62: 
logic__149: 
datapath__20: 
keep__10: 
case__31: 
case__15: 
logic__419: 
axi_infrastructure_v1_1_0_vector2axi: 
logic__619: 
axi_protocol_converter_v2_1_19_b2s_rd_cmd_fsm: 
logic__133: 
keep__25: 
logic__502: 
logic__142: 
logic__394: 
axi_crossbar_v2_1_20_splitter__parameterized0: 
logic__540: 
case__43: 
case__56: 
case__124: 
logic__285: 
blk_mem_gen_prim_wrapper_init__parameterized13: 
case__92: 
design_1_auto_pc_0: 
logic__521: 
logic__317: 
reg__28: 
logic__496: 
processing_system7_v5_5_processing_system7: 
logic__526: 
axi_register_slice_v2_1_19_axic_register_slice__parameterized5: 
muxpart: 
reg__25: 
logic__425: 
blk_mem_gen_prim_width__parameterized16: 
muxpart__12: 
logic__179: 
case__10: 
case__84: 
upcnt_n: 
logic__71: 
logic__263: 
logic__97: 
logic__26: 
kybd_slv_v1_0: 
keep__6: 
logic__589: 
reg__55: 
reg__119: 
muxpart__46: 
signinv: 
blk_mem_gen_prim_wrapper_init__parameterized19: 
case__126: 
reg__33: 
logic__518: 
logic__455: 
reg__47: 
logic__265: 
reg__7: 
case__28: 
kybd_slv_v1_0_S00_AXI: 
logic__580: 
case__57: 
reg__37: 
logic__320: 
cdc_sync: 
muxpart__22: 
logic__241: 
muxpart__34: 
blk_mem_gen_prim_width__parameterized21: 
blk_mem_gen_prim_wrapper_init__parameterized18: 
logic__43: 
case__34: 
blk_mem_gen_prim_width__parameterized1: 
logic__586: 
blk_mem_gen_prim_wrapper_init__parameterized31: 
blk_mem_input_block: 
logic__170: 
logic__25: 
logic__209: 
axi_crossbar_v2_1_20_splitter: 
datapath__3: 
keep__5: 
logic__27: 
muxpart__41: 
logic__387: 
reg__113: 
logic__581: 
logic__298: 
muxpart__18: 
logic__437: 
blk_mem_gen_prim_width__parameterized32: 
keep__24: 
reg__22: 
axi_crossbar_v2_1_20_decerr_slave: 
case__18: 
logic__591: 
counter: 
logic__190: 
keep__13: 
logic__258: 
logic__351: 
logic__416: 
case__107: 
blk_mem_gen_top: 
muxpart__39: 
axi_register_slice_v2_1_19_axic_register_slice__parameterized4: 
m01_couplers_imp_XU9C55: 
axi_register_slice_v2_1_19_axic_register_slice__parameterized7: 
case__26: 
addsub__3: 
axi_register_slice_v2_1_19_axic_register_slice__parameterized2: 
keep__31: 
logic__67: 
generic_baseblocks_v2_1_0_carry_and: 
reg__83: 
logic__243: 
blk_mem_gen_prim_wrapper_init__parameterized12: 
muxpart__17: 
logic__495: 
keep__23: 
blk_mem_gen_prim_width__parameterized31: 
logic__49: 
axi_crossbar_v2_1_20_axi_crossbar: 
logic__189: 
case__19: 
dsrl: 
logic__595: 
keep__11: 
case__74: 
case__117: 
reg__103: 
reg__11: 
logic__457: 
logic__598: 
logic__2: 
logic__587: 
blk_mem_gen_prim_width__parameterized7: 
blk_mem_gen_prim_wrapper_init__parameterized2: 
logic__525: 
slv_v1_0: 
reg__67: 
reg__40: 
case__68: 
blk_mem_gen_prim_wrapper_init__parameterized21: 
muxpart__32: 
logic__532: 
blk_mem_gen_prim_width__parameterized23: 
logic__391: 
blk_mem_gen_prim_wrapper_init__parameterized32: 
blk_mem_gen_mux__parameterized0: 
signinv__1: 
keep__17: 
generic_baseblocks_v2_1_0_mux_enc__parameterized0: 
datapath__15: 
keep__8: 
logic__210: 
case__105: 
signinv__2: 
logic__132: 
logic__134: 
blk_mem_gen_prim_width__parameterized34: 
axi_protocol_converter_v2_1_19_b2s_incr_cmd: 
logic__248: 
case__108: 
logic__596: 
axi_crossbar_v2_1_20_crossbar_sasd: 
reg__5: 
reg__54: 
signinv__4: 
reg__99: 
case__111: 
logic__148: 
logic__195: 
blk_mem_gen_prim_width__parameterized28: 
blk_mem_gen_prim_wrapper_init__parameterized16: 
logic__206: 
datapath__17: 
case__39: 
case__78: 
blk_mem_gen_prim_width__parameterized9: 
case__91: 
logic__176: 
logic__314: 
case__35: 
blk_mem_gen_prim_wrapper_init__parameterized3: 
muxpart__13: 
reg__19: 
addsub__2: 
design_1_clk_wiz_0_0_clk_wiz: 
reg__110: 
axi_protocol_converter_v2_1_19_b2s_simple_fifo__parameterized1: 
reg__16: 
blk_mem_gen_prim_width__parameterized14: 
reg__46: 
axi_crossbar_v2_1_20_addr_arbiter_sasd: 
axi_register_slice_v2_1_19_axic_register_slice__parameterized6: 
reg__68: 
logic__223: 
muxpart__19: 
logic__204: 
logic__326: 
keep__4: 
blk_mem_gen_prim_width: 
logic__551: 
keep: 
blk_mem_gen_prim_wrapper_init__parameterized23: 
case__69: 
reg__8: 
logic__549: 
logic__229: 
case__14: 
logic__30: 
reg__4: 
logic__331: 
reg__89: 
logic__399: 
axi_register_slice_v2_1_19_axi_register_slice__parameterized0: 
muxpart__14: 
design_1_xbar_0: 
logic__9: 
case__64: 
case__81: 
case__88: 
logic__88: 
muxpart__37: 
logic__287: 
reg__98: 
logic__402: 
case__118: 
logic__257: 
axi_infrastructure_v1_1_0_axi2vector__parameterized0: 
blk_mem_gen_prim_wrapper_init__parameterized5: 
case__37: 
muxpart__33: 
case__5: 
datapath__23: 
muxpart__30: 
logic__143: 
dsrl__2: 
reg__29: 
logic__214: 
addsub__1: 
logic__137: 
dsp48e1: 
blk_mem_gen_prim_wrapper_init__parameterized28: 
datapath__9: 
case__11: 
reg__93: 
axi_infrastructure_v1_1_0_axi2vector: 
logic__297: 
case__66: 
logic__185: 
logic__576: 
logic__108: 
blk_mem_gen_prim_width__parameterized5: 
axi_register_slice_v2_1_19_axi_register_slice: 
case__59: 
logic__107: 
logic__383: 
m00_couplers_imp_15SPJYW: 
reg__79: 
char8x12_lookup_table: 
logic__592: 
axi_protocol_converter_v2_1_19_b2s: 
logic__384: 
logic__622: 
reg__92: 
logic__321: 
logic__572: 
keep__7: 
case__113: 
logic__408: 
blk_mem_gen_prim_wrapper_init__parameterized24: 
blk_mem_gen_prim_width__parameterized13: 
reg__71: 
keep__16: 
reg__6: 
logic__584: 
logic__115: 
logic__198: 
reg__44: 
muxpart__38: 
datapath__19: 
blk_mem_gen_prim_width__parameterized8: 
muxpart__27: 
muxpart__24: 
logic__54: 
keep__9: 
logic__81: 
reg__78: 
case__106: 
logic__266: 
case__21: 
reg__42: 
logic__175: 
logic__32: 
reg__114: 
logic__59: 
logic__453: 
logic__597: 
muxpart__29: 
datapath__4: 
logic__611: 
reg__94: 
logic__136: 
logic__385: 
logic__458: 
case__63: 
logic__85: 
datapath__2: 
case__71: 
logic__485: 
logic__112: 
logic__34: 
logic__608: 
reg__49: 
keep__22: 
case__36: 
case__9: 
design_1_kybd_slv_0_1: 
logic__53: 
logic__211: 
blk_mem_gen_prim_width__parameterized30: 
blk_mem_gen_prim_width__parameterized2: 
reg__58: 
logic__237: 
muxpart__10: 
generic_baseblocks_v2_1_0_mux_enc__parameterized2: 
dsrl__1: 
reg__48: 
logic__267: 
muxpart__35: 
reg__38: 
logic__565: 
blk_mem_gen_prim_width__parameterized17: 
keep__3: 
case__22: 
datapath__22: 
logic__119: 
logic__601: 
logic__371: 
logic__415: 
logic__286: 
logic__296: 
datapath__18: 
datapath__1: 
muxpart__20: 
logic__259: 
blk_mem_gen_prim_wrapper_init: 
logic__20: 
datapath: 
logic__322: 
logic__561: 
logic__125: 
case__24: 
generic_baseblocks_v2_1_0_mux_enc__parameterized1: 
logic__446: 
blk_mem_gen_prim_width__parameterized18: 
logic__268: 
case__112: 
keep__26: 
logic__370: 
blk_mem_gen_prim_wrapper_init__parameterized6: 
s00_couplers_imp_UYSKKA: 
logic: 
datapath__21: 
logic__122: 
axi_protocol_converter_v2_1_19_b2s_simple_fifo__parameterized2: 
case__54: 
logic__13: 
reg__59: 
reg__86: 
case__77: 
logic__349: 
design_1_wrapper: 
logic__17: 
logic__600: 
case__17: 
reg__10: 
logic__21: 
dsp48e1__2: 
logic__202: 
reg__117: 
blk_mem_gen_prim_width__parameterized33: 
logic__52: 
datapath__8: 
muxpart__15: 
blk_mem_gen_prim_wrapper_init__parameterized9: 
reg__70: 
counter__4: 
case__8: 
axi_protocol_converter_v2_1_19_b2s_aw_channel: 
reg__57: 
axi_protocol_converter_v2_1_19_axi_protocol_converter: 
logic__33: 
reg__72: 
lpf: 
case__120: 
logic__374: 
logic__609: 
case__20: 
logic__563: 
logic__147: 
logic__543: 
logic__386: 
reg__34: 
